<goto>
 <position-lc line=1 col=4 len=66>CURDIR/single_int1.c</position-lc>
</goto>
